// Jest Snapshot v1, https://goo.gl/fbAQLP

exports[`<Contact /> should render as expected 1`] = `
<section
  className="py-4 text-light contact"
>
  <div
    className="d-flex flex-column align-items-center justify-content-center container"
  >
    <h1
      className="text-uppercase family-semi mb-0"
      data-aos="flip-up"
    >
      Contact
    </h1>
    <div
      className="d-flex w-100 align-items-center justify-content-center"
    >
      <div
        className="bg-light mb-2 mr-1 divider"
      />
      <svg
        className="text-light mb-2"
        fill="currentColor"
        height={40}
        stroke="currentColor"
        strokeWidth="0"
        style={
          Object {
            "color": undefined,
          }
        }
        viewBox="0 0 16 16"
        width={40}
        xmlns="http://www.w3.org/2000/svg"
      >
        <path
          clipRule="evenodd"
          d="M5.854 4.146a.5.5 0 010 .708L2.707 8l3.147 3.146a.5.5 0 01-.708.708l-3.5-3.5a.5.5 0 010-.708l3.5-3.5a.5.5 0 01.708 0zm4.292 0a.5.5 0 000 .708L13.293 8l-3.147 3.146a.5.5 0 00.708.708l3.5-3.5a.5.5 0 000-.708l-3.5-3.5a.5.5 0 00-.708 0z"
          fillRule="evenodd"
        />
      </svg>
      <div
        className="bg-light mb-2 ml-1 divider"
      />
    </div>
    <form
      className="form"
      onSubmit={[Function]}
    >
      <div
        className="form-group"
        data-aos="flip-up"
      >
        <input
          className="form-control"
          id="name"
          name="name"
          placeholder="Name"
          required={true}
          type="text"
        />
      </div>
      <div
        className="form-group"
        data-aos="flip-up"
      >
        <input
          className="form-control"
          id="email"
          name="email"
          placeholder="Email"
          required={true}
          type="email"
        />
      </div>
      <div
        className="form-group"
        data-aos="flip-up"
      >
        <input
          className="form-control"
          id="subject"
          name="subject"
          placeholder="Subject"
          required={true}
          type="text"
        />
      </div>
      <div
        className="form-group"
        data-aos="flip-up"
      >
        <textarea
          className="form-control"
          id="message"
          name="message"
          placeholder="Message"
          required={true}
          rows={4}
        />
      </div>
      <div
        className="d-flex justify-content-center py-1"
      >
        <button
          className="mr-2 btn btn-primary"
          data-aos="fade-right"
          disabled={false}
          type="submit"
        >
          Send
        </button>
        <button
          className="btn btn-secondary"
          data-aos="fade-left"
          disabled={false}
          type="reset"
        >
          Reset
        </button>
      </div>
    </form>
  </div>
</section>
`;
